// Jest Snapshot v1, https://goo.gl/fbAQLP

exports[`should match its snapshot with tasks 1`] = `
Array [
  <div
    className="task "
    onDoubleClick={[Function]}
  >
    <h3>
      some test-text One
      <svg
        fill="currentColor"
        height="1em"
        onClick={[Function]}
        stroke="currentColor"
        strokeWidth="0"
        style={
          Object {
            "color": "red",
          }
        }
        viewBox="0 0 352 512"
        width="1em"
        xmlns="http://www.w3.org/2000/svg"
      >
        <path
          d="M242.72 256l100.07-100.07c12.28-12.28 12.28-32.19 0-44.48l-22.24-22.24c-12.28-12.28-32.19-12.28-44.48 0L176 189.28 75.93 89.21c-12.28-12.28-32.19-12.28-44.48 0L9.21 111.45c-12.28 12.28-12.28 32.19 0 44.48L109.28 256 9.21 356.07c-12.28 12.28-12.28 32.19 0 44.48l22.24 22.24c12.28 12.28 32.2 12.28 44.48 0L176 322.72l100.07 100.07c12.28 12.28 32.2 12.28 44.48 0l22.24-22.24c12.28-12.28 12.28-32.19 0-44.48L242.72 256z"
        />
      </svg>
    </h3>
    <p
      style={
        Object {
          "color": "blue",
        }
      }
    >
      March 29th, at 10.15am
    </p>
  </div>,
  <div
    className="task reminder"
    onDoubleClick={[Function]}
  >
    <h3>
      some test-text Two
      <svg
        fill="currentColor"
        height="1em"
        onClick={[Function]}
        stroke="currentColor"
        strokeWidth="0"
        style={
          Object {
            "color": "red",
          }
        }
        viewBox="0 0 352 512"
        width="1em"
        xmlns="http://www.w3.org/2000/svg"
      >
        <path
          d="M242.72 256l100.07-100.07c12.28-12.28 12.28-32.19 0-44.48l-22.24-22.24c-12.28-12.28-32.19-12.28-44.48 0L176 189.28 75.93 89.21c-12.28-12.28-32.19-12.28-44.48 0L9.21 111.45c-12.28 12.28-12.28 32.19 0 44.48L109.28 256 9.21 356.07c-12.28 12.28-12.28 32.19 0 44.48l22.24 22.24c12.28 12.28 32.2 12.28 44.48 0L176 322.72l100.07 100.07c12.28 12.28 32.2 12.28 44.48 0l22.24-22.24c12.28-12.28 12.28-32.19 0-44.48L242.72 256z"
        />
      </svg>
    </h3>
    <p
      style={
        Object {
          "color": "blue",
        }
      }
    >
      March 30th, at 17.20pm
    </p>
  </div>,
]
`;
